//gofmt -s

// Test case for issue 7631.

package gofmt

// Keep this declaration
var ()

const (
// Keep this declaration
)

func main() {}
